
----------------------------------------
# Errors
----------------------------------------
epoch: 0 = 0.0570653259314
epoch: 1 = 0.0570644825366
epoch: 2 = 0.0570636394976
epoch: 3 = 0.0570627968144
epoch: 4 = 0.0570619544866
epoch: 5 = 0.0570611125143
epoch: 6 = 0.0570602708971
epoch: 7 = 0.0570594296351
epoch: 8 = 0.057058588728
epoch: 9 = 0.0570577481756
epoch: 10 = 0.0570569079779
epoch: 11 = 0.0570560681346
epoch: 12 = 0.0570552286456
epoch: 13 = 0.0570543895108
epoch: 14 = 0.05705355073
epoch: 15 = 0.0570527123031
epoch: 16 = 0.0570518742299
epoch: 17 = 0.0570510365102
epoch: 18 = 0.0570501991439
epoch: 19 = 0.0570493621309
epoch: 20 = 0.057048525471
epoch: 21 = 0.057047689164
epoch: 22 = 0.0570468532098
epoch: 23 = 0.0570460176083
epoch: 24 = 0.0570451823592
epoch: 25 = 0.0570443474625
epoch: 26 = 0.057043512918
epoch: 27 = 0.0570426787255
epoch: 28 = 0.0570418448849
epoch: 29 = 0.0570410113961
epoch: 30 = 0.0570401782588
epoch: 31 = 0.057039345473
epoch: 32 = 0.0570385130384
epoch: 33 = 0.057037680955
epoch: 34 = 0.0570368492226
epoch: 35 = 0.057036017841
epoch: 36 = 0.05703518681
epoch: 37 = 0.0570343561296
epoch: 38 = 0.0570335257996
epoch: 39 = 0.0570326958198
epoch: 40 = 0.0570318661901
epoch: 41 = 0.0570310369103
epoch: 42 = 0.0570302079803
epoch: 43 = 0.0570293793999
epoch: 44 = 0.057028551169
epoch: 45 = 0.0570277232875
epoch: 46 = 0.0570268957551
epoch: 47 = 0.0570260685717
epoch: 48 = 0.0570252417372
epoch: 49 = 0.0570244152515
epoch: 50 = 0.0570235891143
epoch: 51 = 0.0570227633255
epoch: 52 = 0.057021937885
epoch: 53 = 0.0570211127927
epoch: 54 = 0.0570202880483
epoch: 55 = 0.0570194636518
epoch: 56 = 0.0570186396029
epoch: 57 = 0.0570178159016
epoch: 58 = 0.0570169925477
epoch: 59 = 0.057016169541
epoch: 60 = 0.0570153468813
epoch: 61 = 0.0570145245687
epoch: 62 = 0.0570137026028
epoch: 63 = 0.0570128809835
epoch: 64 = 0.0570120597107
epoch: 65 = 0.0570112387843
epoch: 66 = 0.057010418204
epoch: 67 = 0.0570095979698
epoch: 68 = 0.0570087780815
epoch: 69 = 0.057007958539
epoch: 70 = 0.057007139342
epoch: 71 = 0.0570063204905
epoch: 72 = 0.0570055019843
epoch: 73 = 0.0570046838232
epoch: 74 = 0.0570038660071
epoch: 75 = 0.0570030485359
epoch: 76 = 0.0570022314094
epoch: 77 = 0.0570014146275
epoch: 78 = 0.0570005981899
epoch: 79 = 0.0569997820967
epoch: 80 = 0.0569989663475
epoch: 81 = 0.0569981509424
epoch: 82 = 0.056997335881
epoch: 83 = 0.0569965211633
epoch: 84 = 0.0569957067891
epoch: 85 = 0.0569948927584
epoch: 86 = 0.0569940790708
epoch: 87 = 0.0569932657263
epoch: 88 = 0.0569924527248
epoch: 89 = 0.056991640066
epoch: 90 = 0.0569908277499
epoch: 91 = 0.0569900157763
epoch: 92 = 0.0569892041451
epoch: 93 = 0.056988392856
epoch: 94 = 0.056987581909
epoch: 95 = 0.0569867713039
epoch: 96 = 0.0569859610405
epoch: 97 = 0.0569851511188
epoch: 98 = 0.0569843415385
epoch: 99 = 0.0569835322996
epoch: 100 = 0.0569827234018
epoch: 101 = 0.056981914845
epoch: 102 = 0.0569811066292
epoch: 103 = 0.056980298754
epoch: 104 = 0.0569794912195
epoch: 105 = 0.0569786840254
epoch: 106 = 0.0569778771715
epoch: 107 = 0.0569770706579
epoch: 108 = 0.0569762644842
epoch: 109 = 0.0569754586504
epoch: 110 = 0.0569746531563
epoch: 111 = 0.0569738480018
epoch: 112 = 0.0569730431867
epoch: 113 = 0.0569722387108
epoch: 114 = 0.0569714345741
epoch: 115 = 0.0569706307764
epoch: 116 = 0.0569698273175
epoch: 117 = 0.0569690241973
epoch: 118 = 0.0569682214156
epoch: 119 = 0.0569674189723
epoch: 120 = 0.0569666168673
epoch: 121 = 0.0569658151004
epoch: 122 = 0.0569650136715
epoch: 123 = 0.0569642125804
epoch: 124 = 0.056963411827
epoch: 125 = 0.0569626114111
epoch: 126 = 0.0569618113325
epoch: 127 = 0.0569610115912
epoch: 128 = 0.0569602121871
epoch: 129 = 0.0569594131198
epoch: 130 = 0.0569586143894
epoch: 131 = 0.0569578159956
epoch: 132 = 0.0569570179383
epoch: 133 = 0.0569562202175
epoch: 134 = 0.0569554228328
epoch: 135 = 0.0569546257842
epoch: 136 = 0.0569538290716
epoch: 137 = 0.0569530326947
epoch: 138 = 0.0569522366535
epoch: 139 = 0.0569514409478
epoch: 140 = 0.0569506455775
epoch: 141 = 0.0569498505424
epoch: 142 = 0.0569490558424
epoch: 143 = 0.0569482614773
epoch: 144 = 0.0569474674469
epoch: 145 = 0.0569466737513
epoch: 146 = 0.0569458803901
epoch: 147 = 0.0569450873633
epoch: 148 = 0.0569442946706
epoch: 149 = 0.0569435023121
epoch: 150 = 0.0569427102875
epoch: 151 = 0.0569419185966
epoch: 152 = 0.0569411272394
epoch: 153 = 0.0569403362157
epoch: 154 = 0.0569395455254
epoch: 155 = 0.0569387551682
epoch: 156 = 0.0569379651441
epoch: 157 = 0.056937175453
epoch: 158 = 0.0569363860946
epoch: 159 = 0.0569355970688
epoch: 160 = 0.0569348083756
epoch: 161 = 0.0569340200147
epoch: 162 = 0.056933231986
epoch: 163 = 0.0569324442894
epoch: 164 = 0.0569316569247
epoch: 165 = 0.0569308698917
epoch: 166 = 0.0569300831905
epoch: 167 = 0.0569292968207
epoch: 168 = 0.0569285107822
epoch: 169 = 0.056927725075
epoch: 170 = 0.0569269396988
epoch: 171 = 0.0569261546536
epoch: 172 = 0.0569253699391
epoch: 173 = 0.0569245855553
epoch: 174 = 0.056923801502
epoch: 175 = 0.0569230177791
epoch: 176 = 0.0569222343864
epoch: 177 = 0.0569214513237
epoch: 178 = 0.056920668591
epoch: 179 = 0.056919886188
epoch: 180 = 0.0569191041148
epoch: 181 = 0.056918322371
epoch: 182 = 0.0569175409566
epoch: 183 = 0.0569167598714
epoch: 184 = 0.0569159791153
epoch: 185 = 0.0569151986881
epoch: 186 = 0.0569144185898
epoch: 187 = 0.0569136388201
epoch: 188 = 0.0569128593789
epoch: 189 = 0.0569120802661
epoch: 190 = 0.0569113014815
epoch: 191 = 0.0569105230251
epoch: 192 = 0.0569097448966
epoch: 193 = 0.0569089670959
epoch: 194 = 0.0569081896228
epoch: 195 = 0.0569074124774
epoch: 196 = 0.0569066356593
epoch: 197 = 0.0569058591684
epoch: 198 = 0.0569050830047
epoch: 199 = 0.0569043071679
